// 重构日志: 0b6fec0b
// 重构日志: 2faac0d3
// 重构日志: 9ddab438
// 重构日志: 4ffb8000
// 同步 ID: b4e96ed3 @ Sat Jul 18 04:19:59 UTC 2026
// 重构日志: c9924dae
// 同步 ID: 47686c25 @ Sat Jul 18 14:01:28 UTC 2026
// 同步 ID: 2b0e1828 @ Sat Jul 18 17:25:29 UTC 2026
// 重构日志: 4219b496
// 重构日志: ba36647c
// 同步 ID: 2f1ea7a3 @ Sun Jul 19 15:24:35 UTC 2026
// 重构日志: 5c1d7a77
// 重构日志: c9ac7918
// 同步 ID: daf843ad @ Mon Jul 20 17:12:19 UTC 2026
// 重构日志: 81453812
// 重构日志: 82274a24
// 重构日志: ff792b96
// 重构日志: f526fd84
// 重构日志: 571f5dda
// 同步 ID: eb723e95 @ Wed Jul 22 07:17:41 UTC 2026
// 重构日志: 9846c014
// 重构日志: 68f5f4b5
// 重构日志: ecfcbde7
// 重构日志: adc49c71
// 重构日志: 5ba70f81
// 同步 ID: b7d43c71 @ Sat Jul 25 10:27:28 UTC 2026
// 同步 ID: 21decada @ Sat Jul 25 14:08:34 UTC 2026
// 同步 ID: 2d5a196d @ Sat Jul 25 19:25:24 UTC 2026
// 重构日志: e6b1a5b2
// 同步 ID: fe8550a1 @ Sun Jul 26 15:03:11 UTC 2026
// 重构日志: 6603a6ca
// 重构日志: ee3a1305
// 重构日志: 2d7a8761
